Black wins!
A5A1B4B1C3C1B2C2D2D1E1
Thank you for playing!