B
B
B3,xx.....xx.....xx.....xx..#..xx.#...xx#ooo.xxxxxxx
Black wins!
A1B1B2C1C3D1D4E1E5
Thank you for playing!