Black wins!
O19O1P18P1Q17Q1R16R1S15
Thank you for playing!