White wins!
A1A2B1B2C1C2D1D2F1E2
Thank you for playing!