B
L1,............................xxxxxxxxxxxxxxxxxxxxx
A1B1A2B2A3B3A4B4
B
White wins!
A1B1A2B2A3B3A4B4C1B5
Thank you for playing!