B
L1,............................xxxxxxxxxxxxxxxxxxxxx
A1B1A2B2A3B3A4B4
B
Black wins!
A1B1A2B2A3B3A4B4A5