Invalid!
B
Invalid!
Invalid!
Invalid!
Invalid!
Invalid coordinate
Invalid coordinate
Invalid coordinate
Invalid!
White wins!
B1B2
Thank you for playing!